=== scx deep pass 'deepA': 3 arms x 4 reps, mode=phase ===
    arms: bore, pandemonium, pandemonium@--no-adaptive
    dur=8s seg=20s cycles=2  results -> $HOME/fs-latency/scx-deep.jsonl

--- rep 0  order: bore -> pandemonium -> pandemonium@--no-adaptive
      c0 idle     8.0s  179.99J bl=300000
      c0 light    8.0s  249.21J bl=300000 sb_wk_pct99_0=1526
      c0 sat      8.0s  225.90J bl=300000 h2_bogo_rate=10178.37
      c0 storm    6.6s  183.13J bl=300000 t2=3.205
      c0 io       0.3s    5.26J bl=300000
      c0 mem      9.5s  101.12J bl=300000
      c1 idle     8.0s   46.74J bl=300000
      c1 light    8.0s  249.13J bl=300000 sb_wk_pct99_0=669
      c1 sat      8.0s  227.22J bl=300000 h2_bogo_rate=10781.04
      c1 storm    6.4s  177.43J bl=300000 t2=3.112
      c1 io       0.3s    5.46J bl=300000
      c1 mem      9.5s  104.78J bl=300000
    [bore] slot 85.4s
      c0 idle     8.0s   35.90J bl=300000
      c0 light    8.0s  215.25J bl=300000 sb_wk_pct99_0=2060
      c0 sat      8.0s  207.41J bl=300000 h2_bogo_rate=10557.18
      c0 storm    7.2s  179.82J bl=300000 t2=3.492
      c0 io       0.3s    3.51J bl=300000
      c0 mem     10.5s   76.24J bl=300000
      c1 idle     8.0s   36.73J bl=300000
      c1 light    8.0s  190.77J bl=300000 sb_wk_pct99_0=1410
      c1 sat      8.1s  178.82J bl=300000 h2_bogo_rate=9451.5
      c1 storm    7.7s  161.22J bl=300000 t2=3.765
      c1 io       0.4s    3.65J bl=300000
      c1 mem      9.9s   69.51J bl=300000
    [pandemonium] slot 89.1s
      c0 idle     8.0s   36.29J bl=300000
      c0 light    8.0s  157.87J bl=300000 sb_wk_pct99_0=1958
      c0 sat      8.1s  146.74J bl=300000 h2_bogo_rate=8561.2
      c0 storm    8.6s  152.31J bl=300000 t2=4.263
      c0 io       0.3s    3.34J bl=300000
      c0 mem      9.9s   69.82J bl=300000
      c1 idle     8.0s   36.30J bl=300000
      c1 light    8.0s  141.78J bl=300000 sb_wk_pct99_0=2260
      c1 sat      8.1s  134.61J bl=300000 h2_bogo_rate=8125.29
      c1 storm    8.8s  146.65J bl=300000 t2=4.327
      c1 io       0.4s    3.11J bl=300000
      c1 mem     10.0s   68.66J bl=300000
    [pandemonium --no-adaptive] slot 90.7s

--- rep 1  order: pandemonium -> pandemonium@--no-adaptive -> bore
      c0 idle     8.0s   45.59J bl=300000
      c0 light    8.0s  140.26J bl=300000 sb_wk_pct99_0=2508
      c0 sat      8.1s  135.68J bl=300000 h2_bogo_rate=8117.04
      c0 storm    9.0s  149.33J bl=300000 t2=4.382
      c0 io       0.4s    3.43J bl=300000
      c0 mem      9.9s   67.31J bl=300000
      c1 idle     8.0s   34.91J bl=300000
      c1 light    8.0s  141.24J bl=300000 sb_wk_pct99_0=2356
      c1 sat      8.1s  134.87J bl=300000 h2_bogo_rate=8172.25
      c1 storm    9.0s  149.17J bl=300000 t2=4.447
      c1 io       0.4s    3.10J bl=300000
      c1 mem     10.0s   71.59J bl=300000
    [pandemonium] slot 91.3s
      c0 idle     8.0s   35.37J bl=300000
      c0 light    8.0s  142.10J bl=300000 sb_wk_pct99_0=1798
      c0 sat      8.1s  135.70J bl=300000 h2_bogo_rate=8112.34
      c0 storm    8.9s  147.51J bl=300000 t2=4.34
      c0 io       0.4s    3.59J bl=300000
      c0 mem      9.9s   73.22J bl=300000
      c1 idle     8.0s   38.73J bl=300000
      c1 light    8.0s  140.78J bl=300000 sb_wk_pct99_0=2548
      c1 sat      8.1s  134.97J bl=300000 h2_bogo_rate=8116.07
      c1 storm    8.9s  146.12J bl=300000 t2=4.356
      c1 io       0.4s    3.51J bl=300000
      c1 mem     10.0s   70.97J bl=300000
    [pandemonium --no-adaptive] slot 91.0s
      c0 idle     8.0s   32.41J bl=300000
      c0 light    8.0s  140.66J bl=300000 sb_wk_pct99_0=1210
      c0 sat      8.1s  133.17J bl=300000 h2_bogo_rate=8192.85
      c0 storm    8.2s  136.43J bl=300000 t2=4.033
      c0 io       0.3s    4.61J bl=300000
      c0 mem      9.5s   92.17J bl=300000->120000
      c1 idle     8.0s   37.06J bl=120000
      c1 light    8.0s  139.89J bl=120000->0 sb_wk_pct99_0=961
      c1 sat      8.0s  137.32J bl=0 h2_bogo_rate=8229.67
      c1 storm    8.2s  138.83J bl=0 t2=3.988
      c1 io       0.3s    4.94J bl=0
      c1 mem      9.5s   90.83J bl=0
    [bore] slot 89.2s

--- rep 2  order: pandemonium@--no-adaptive -> bore -> pandemonium
      c0 idle     8.0s   28.71J bl=0
      c0 light    8.0s  144.12J bl=0 sb_wk_pct99_0=2572
      c0 sat      8.1s  137.48J bl=0 h2_bogo_rate=8220.21
      c0 storm    8.7s  148.10J bl=0 t2=4.256
      c0 io       0.3s    2.89J bl=0
      c0 mem     10.0s   64.07J bl=0
      c1 idle     8.0s   29.91J bl=0
      c1 light    8.0s  144.34J bl=0 sb_wk_pct99_0=2404
      c1 sat      8.1s  137.51J bl=0 h2_bogo_rate=8236.83
      c1 storm    8.8s  149.68J bl=0 t2=4.313
      c1 io       0.4s    5.62J bl=0
      c1 mem      9.8s  111.32J bl=0
    [pandemonium --no-adaptive] slot 91.0s
      c0 idle     8.0s   30.90J bl=0
      c0 light    8.0s  144.76J bl=0 sb_wk_pct99_0=1162
      c0 sat      8.0s  137.23J bl=0 h2_bogo_rate=8194.42
      c0 storm    8.3s  140.86J bl=0 t2=4.041
      c0 io       0.3s    5.50J bl=0
      c0 mem      9.5s   90.81J bl=0
      c1 idle     8.0s   35.02J bl=0
      c1 light    8.0s  144.76J bl=0 sb_wk_pct99_0=1110
      c1 sat      8.1s  137.27J bl=0 h2_bogo_rate=8160.98
      c1 storm    8.2s  140.62J bl=0 t2=4.027
      c1 io       0.3s    4.81J bl=0
      c1 mem      9.5s   91.09J bl=0
    [bore] slot 89.3s
      c0 idle     8.0s   28.32J bl=0
      c0 light    8.0s  144.06J bl=0 sb_wk_pct99_0=2620
      c0 sat      8.1s  137.46J bl=0 h2_bogo_rate=8227.46
      c0 storm    8.8s  149.86J bl=0 t2=4.283
      c0 io       0.3s    3.11J bl=0
      c0 mem      9.9s   63.66J bl=0
      c1 idle     8.0s   28.93J bl=0
      c1 light    8.0s  144.05J bl=0 sb_wk_pct99_0=2660
      c1 sat      8.1s  137.40J bl=0 h2_bogo_rate=8213.1
      c1 storm    8.8s  149.97J bl=0 t2=4.38
      c1 io       0.4s    5.03J bl=0
      c1 mem     10.0s   68.69J bl=0
    [pandemonium] slot 91.2s

--- rep 3  order: bore -> pandemonium -> pandemonium@--no-adaptive
      c0 idle     8.0s   30.25J bl=0
      c0 light    8.0s  145.00J bl=0 sb_wk_pct99_0=1222
      c0 sat      8.1s  137.14J bl=0 h2_bogo_rate=8215.67
      c0 storm    8.3s  141.54J bl=0 t2=4.138
      c0 io       0.3s    5.46J bl=0
      c0 mem      9.5s   90.79J bl=0
      c1 idle     8.0s   34.37J bl=0
      c1 light    8.0s  144.88J bl=0 sb_wk_pct99_0=935
      c1 sat      8.0s  137.26J bl=0 h2_bogo_rate=8173.54
      c1 storm    8.3s  140.54J bl=0 t2=4.067
      c1 io       0.4s    5.69J bl=0
      c1 mem      9.5s   92.15J bl=0
    [bore] slot 89.3s
      c0 idle     8.0s   28.78J bl=0
      c0 light    8.0s  144.34J bl=0 sb_wk_pct99_0=2124
      c0 sat      8.1s  137.47J bl=0 h2_bogo_rate=8217.72
      c0 storm    8.7s  149.06J bl=0 t2=4.295
      c0 io       0.3s    3.41J bl=0
      c0 mem     10.5s   70.58J bl=0
      c1 idle     8.0s   30.16J bl=0
      c1 light    8.0s  144.17J bl=0 sb_wk_pct99_0=2516
      c1 sat      8.1s  137.46J bl=0 h2_bogo_rate=8222.58
      c1 storm    8.8s  149.92J bl=0 t2=4.313
      c1 io       0.4s    3.25J bl=0
      c1 mem     10.0s   62.55J bl=0
    [pandemonium] slot 91.8s
      c0 idle     8.0s   28.23J bl=0
      c0 light    8.0s  144.29J bl=0 sb_wk_pct99_0=2444
      c0 sat      8.1s  137.50J bl=0 h2_bogo_rate=8250.37
      c0 storm    8.7s  148.87J bl=0 t2=4.286
      c0 io       0.4s    3.49J bl=0
      c0 mem     10.0s   62.81J bl=0
      c1 idle     8.0s   30.62J bl=0
      c1 light    8.0s  144.29J bl=0 sb_wk_pct99_0=2172
      c1 sat      8.1s  137.24J bl=0 h2_bogo_rate=8218.21
      c1 storm    8.8s  149.17J bl=0 t2=4.269
      c1 io       0.4s    3.12J bl=0
      c1 mem      9.9s   68.28J bl=0
    [pandemonium --no-adaptive] slot 90.8s

=== deep run complete in 18.0 min ===
